[www.haloneuro.com/index.html]
[backblue.gif]
[fade.gif]
[index.html]
[cdn.shopify.com/s/files/1/0037/7965/7840/t/28/assets/theme.scssbbb3.css]
[cdn.shopify.com/s/javascripts/tricorder/trekkie.storefront.mindd82.js]
[cdn.shopify.com/s/assets/shop_events_listener-2632023fb2795bd6668b6fbae05b661baba07afb3d62048f023763eca3cd96e3.js]
[cdn.shopify.com/shopifycloud/boomerang/shopify-boomerang-1.0.0.min.js]
[www.recaptcha.net/recaptcha/api73cd.js]
[cdn.shopify.com/s/assets/storefront/load_feature-04598b77b1103a920783be825a5f4c245a91397360c621cd772069cf99347113.js]
[cdn.shopify.com/s/assets/shopify_pay/storefront-21b5dddfc8b64c1ad68cee3ba7448d1ffa15c24e969ebc1fbccf1a3784b659ad99c2.js]
[cdn.shopify.com/s/assets/storefront/features-87e8399988880142f2c62771b9d8f2ff6c290b3ff745dd426eb0dfe0db9d1dae.js]
[api.joinclyde.com/scripts/widget.js]
[cdn.shopify.com/s/files/1/0037/7965/7840/t/28/assets/theme88a7.js]
[www.haloneuro.com/products/halo-sport-2.html]
[cdn.shopify.com/s/files/1/0037/7965/7840/t/28/assets/vendor-scripts-v4.js]
[www.haloneuro.com/collections/frontpage.html]
[www.haloneuro.com/pages/science.html]
[www.haloneuro.com/pages/experience.html]
[www.haloneuro.com/pages/results.html]
[www.haloneuro.com/pages/halo-sport-for-musicians.html]
[www.haloneuro.com/pages/skill.html]
[www.haloneuro.com/pages/strength.html]
[www.haloneuro.com/pages/endurance.html]
[cdn.shopify.com/s/files/1/0037/7965/7840/files/logo_200x1727.png]
[www.haloneuro.com/pages/support.html]
[cdn.shopify.com/s/files/1/0037/7965/7840/files/logo_120x1727.png]
[www.haloneuro.com/cart.html]
[cdn.getshogun.com/5eb56d8b81b513006b883ccc.css]
[lib.getshogun.com/lazysizes/2.0.0/shogun-lazysizes.js]
[halo-shopify-assets.s3-us-west-2.amazonaws.com/img/slider-right@2x.png]
[halo-shopify-assets.s3-us-west-2.amazonaws.com/img/slider-left@2x+2.png]
[www.haloneuro.com/pages/user-stories.html]
[www.haloneuro.com/pages/researchpapers.html]
[cdn.getshogun.com/5eb56d8b81b513006b883ccc.js]
[www.haloneuro.com/pages/case-studies.html]
[www.haloneuro.com/pages/military.html]
[www.haloneuro.com/pages/leadership.html]
[www.haloneuro.com/pages/press.html]
[www.haloneuro.com/blogs/halo.html]
[www.haloneuro.com/pages/careers.html]
[www.haloneuro.com/pages/privacy-policy.html]
[www.haloneuro.com/pages/terms-of-use.html]
[www.haloneuro.com/pages/terms-of-sale.html]
[www.haloneuro.com/index.html]
[static.klaviyo.com/onsite/js/klaviyo6612.js]
[cdn.shopify.com/s/files/1/0037/7965/7840/t/28/assets/ico-select.svg]
[cdn.shopify.com/s/files/1/0037/7965/7840/t/28/assets/theme.scssbbb3.css]
[www.googletagmanager.com/gtm5445.html]
[cdn.shopify.com/s/files/1/0037/7965/7840/products/Product_Image_Hero_1200x630e944.jpg]
[cdn.shopify.com/s/files/1/0037/7965/7840/products/Product_Image_quarter_1200x630e944.jpg]
[cdn.shopify.com/s/files/1/0037/7965/7840/products/Product_Image_flat_1200x6302d64.jpg]
[www.haloneuro.com/products/halo-sport-2.oembed]
[cdn.getshogun.com/5e16282703126b006a6a76fc.css]
[cdn.shopify.com/s/files/1/0037/7965/7840/products/Product_Image_Hero_1800x1800e944.jpg]
[cdn.getshogun.com/5e16282703126b006a6a76fc.js]
[cdn.shopify.com/s/files/1/0037/7965/7840/products/Product_Image_Hero_{width}x.36e944.delayed]
[cdn.shopify.com/s/files/1/0037/7965/7840/products/Product_Image_Hero_740xe944.jpg]
[cdn.shopify.com/s/files/1/0037/7965/7840/products/Product_Image_quarter_1800x1800e944.jpg]
[cdn.shopify.com/s/files/1/0037/7965/7840/products/Product_Image_quarter_{width}xe944.jpg]
[cdn.shopify.com/s/files/1/0037/7965/7840/products/Product_Image_quarter_740xe944.jpg]
[cdn.shopify.com/s/files/1/0037/7965/7840/products/Product_Image_flat_1800x18002d64.jpg]
[cdn.shopify.com/s/files/1/0037/7965/7840/products/Product_Image_flat_{width}x2d64.jpg]
[cdn.shopify.com/s/files/1/0037/7965/7840/products/Product_Image_flat_740x2d64.jpg]
[cdn.shopify.com/s/files/1/0037/7965/7840/products/Product_Image_Side_b34072e1-bc03-4057-bcfd-d9909ce47c6c_1800x1800315c.jpg]
[cdn.shopify.com/s/files/1/0037/7965/7840/products/Product_Image_Side_b34072e1-bc03-4057-bcfd-d9909ce47c6c_{width}x315c.jpg]
[cdn.shopify.com/s/files/1/0037/7965/7840/products/Product_Image_Side_b34072e1-bc03-4057-bcfd-d9909ce47c6c_740x315c.jpg]
[cdn.shopify.com/s/files/1/0037/7965/7840/products/Product_Image_Hero_180xe944.jpg]
[cdn.shopify.com/s/files/1/0037/7965/7840/products/Product_Image_quarter_180xe944.jpg]
[cdn.shopify.com/s/files/1/0037/7965/7840/products/Product_Image_flat_180x2d64.jpg]
[cdn.shopify.com/s/files/1/0037/7965/7840/products/Product_Image_Side_b34072e1-bc03-4057-bcfd-d9909ce47c6c_180x315c.jpg]
[www.haloneuro.com/products/halo-sport-2.html]
[cdn.shopify.com/s/files/1/0037/7965/7840/products/P1020395_1_1200x630b2b2.jpg]
[cdn.shopify.com/s/files/1/0037/7965/7840/products/Product-Halo-recharge-kit_1200x630b5cf.jpg]
[www.haloneuro.com/collections/frontpage.atom]
[www.haloneuro.com/collections/frontpage.oembed]
[cdn.shopify.com/s/assets/themes_support/ga_urchin_forms-99e991855b3d8ddc69e625c68ab0579dd9927b611c2ec4943d396c72e3af0849.js]
[cdn.shopify.com/s/files/1/0037/7965/7840/products/Product_Image_Hero_400xe944.jpg]
[www.haloneuro.com/collections/frontpage/products/halo-sport-2.html]
[cdn.shopify.com/s/files/1/0037/7965/7840/products/P1020395_1_{width}xb2b2.jpg]
[www.haloneuro.com/collections/frontpage/products/primer-band.html]
[cdn.shopify.com/s/files/1/0037/7965/7840/products/P1020395_1_400xb2b2.jpg]
[cdn.shopify.com/s/files/1/0037/7965/7840/products/Product-Halo-recharge-kit_{width}xb5cf.jpg]
[cdn.shopify.com/s/files/1/0037/7965/7840/products/Product-Halo-recharge-kit_400xb5cf.jpg]
[www.haloneuro.com/collections/frontpage/products/recharge-pack.html]
[www.haloneuro.com/collections/frontpage/products/bluetooth-audio-adapter.html]
[cdn.shopify.com/s/files/1/0037/7965/7840/products/Product-bluetooth-dongle_{width}x10df.jpg]
[cdn.shopify.com/s/files/1/0037/7965/7840/products/Product-bluetooth-dongle_400x10df.jpg]
[cdn.shopify.com/s/files/1/0037/7965/7840/products/Product-Halo-Primer-Pack_{width}x194a.jpg]
[www.haloneuro.com/collections/frontpage/products/primer-pack.html]
[cdn.shopify.com/s/files/1/0037/7965/7840/products/Product-Halo-Primer-Pack_400x194a.jpg]
[cdn.shopify.com/s/files/1/0037/7965/7840/products/Prod-Halo-water-bottle_{width}x429b.jpg]
[www.haloneuro.com/collections/frontpage/products/halo-water-bottle.html]
[cdn.shopify.com/s/files/1/0037/7965/7840/products/Prod-Halo-water-bottle_400x429b.jpg]
[www.haloneuro.com/collections/frontpage.html]
[cdn.getshogun.com/5e546ddd4e491a0057b0063f.css]
[www.haloneuro.com/pages/science.html]
[cdn.getshogun.com/5e546ddd4e491a0057b0063f.js]
[cdn.getshogun.com/5e586947896d800050254593.css]
[www.haloneuro.com/pages/experience.html]
[cdn.getshogun.com/5e586947896d800050254593.js]
[cdn.getshogun.com/5e62df68c016dd005f9a56aa.css]
[www.haloneuro.com/pages/results-ussa.html]
[www.haloneuro.com/pages/music.html]
[www.haloneuro.com/pages/results.html]
[cdn.getshogun.com/5e62df68c016dd005f9a56aa.js]
[cdn.getshogun.com/5e7258e0bb51ca0052e84248.css]
[www.haloneuro.com/pages/halo-sport-for-musicians.html]
[cdn.getshogun.com/5e7258e0bb51ca0052e84248.js]
[cdn.getshogun.com/5dc99ee51dfbdb005f1672ca.css]
[www.haloneuro.com/pages/skill.html]
[cdn.getshogun.com/5dc99ee51dfbdb005f1672ca.js]
[cdn.getshogun.com/5e3b36511f728700663891d9.css]
[www.haloneuro.com/pages/strength.html]
[cdn.getshogun.com/5e3b36511f728700663891d9.js]
[cdn.getshogun.com/5e4ad11350119b00577986a2.css]
[www.haloneuro.com/pages/endurance.html]
[cdn.getshogun.com/5e4ad11350119b00577986a2.js]
[cdn.getshogun.com/5e599731b1eb46004ff8ecd2.css]
[www.haloneuro.com/products/recharge-pack.html]
[www.haloneuro.com/pages/support.html]
[cdn.getshogun.com/5e599731b1eb46004ff8ecd2.js]
[www.haloneuro.com/cart.html]
[cdn.getshogun.com/5eb56d8b81b513006b883ccc.css]
[www.haloneuro.com/collections/all.html]
[cdn.getshogun.com/5ec6b3ac68eea00056549ee9.css]
[www.haloneuro.com/pages/user-stories.html]
[cdn.getshogun.com/5ec6b3ac68eea00056549ee9.js]
[cdn.getshogun.com/5e3b3173095a9200505a15df.css]
[www.haloneuro.com/pages/researchpapers.html]
[cdn.getshogun.com/5e3b3173095a9200505a15df.js]
[cdn.getshogun.com/5e3b3203dad0cd0056d02a94.css]
[www.haloneuro.com/pages/bulletproof.html]
[www.haloneuro.com/blogs/halo/berklee-college-of-music-collaboration.html]
[www.haloneuro.com/pages/results-mjp.html]
[www.haloneuro.com/pages/case-studies.html]
[cdn.getshogun.com/5e3b3203dad0cd0056d02a94.js]
[kite.spicegems.org/0/js/scripttags/haloneuro/static/country-redirect.js]
[cdn.getshogun.com/5d55ce4b8fe3dc004daf3e82.css]
[www.haloneuro.com/pages/military.html]
[cdn.getshogun.com/5d55ce4b8fe3dc004daf3e82.js]
[cdn.getshogun.com/5e7950a9b6cc7300504dc14f.css]
[www.haloneuro.com/pages/leadership.html]
[cdn.getshogun.com/5e7950a9b6cc7300504dc14f.js]
[cdn.getshogun.com/5e06be699e022c0055d3a65e.css]
[www.haloneuro.com/pages/press.html]
[cdn.shopify.com/s/files/1/0037/7965/7840/articles/IMG_3802_1200x630bfcb.jpg]
[cdn.getshogun.com/5e06be699e022c0055d3a65e.js]
[cdn.shopify.com/s/files/1/0037/7965/7840/articles/IMG_3802_500xbfcb.jpg]
[www.haloneuro.com/blogs/halo4658.html]
[www.haloneuro.com/blogs/halo/tagged/news.html]
[www.haloneuro.com/blogs/halo.atom]
[www.haloneuro.com/blogs/halo/tagged/learn-guitar-in-8-weeks.html]
[www.haloneuro.com/blogs/halo/what-i-accomplished-in-just-8-weeks-with-halo-sport.html]
[www.haloneuro.com/blogs/halo/how-to-master-the-art-of-confidence.html]
[www.haloneuro.com/blogs/halo/3-hacks-for-beginner-musicians.html]
[www.haloneuro.com/blogs/halo/how-to-learn-guitar-according-to-neuroscience.html]
[www.haloneuro.com/blogs/halo.html]
[www.haloneuro.com/blogs/halo9ba9.html]
[cdn.getshogun.com/5e3da710c0a765005ce851ec.css]
[www.haloneuro.com/pages/careers.html]
[www.haloneuro.com/pages/privacy-policy.html]
[cdn.getshogun.com/5e3da710c0a765005ce851ec.js]
[www.haloneuro.com/pages/terms-of-use.html]
[www.haloneuro.com/pages/warranty.html]
[www.haloneuro.com/pages/terms-of-sale.html]
[www.haloneuro.com/node_modules/webpack/buildin/global.js]
[www.haloneuro.com/node_modules/core-js/modules/_is-object.js]
[www.haloneuro.com/node_modules/core-js/modules/_to-iobject.js]
[www.haloneuro.com/node_modules/core-js/modules/_to-length.js]
[www.haloneuro.com/node_modules/core-js/modules/_to-absolute-index.js]
[www.haloneuro.com/node_modules/core-js/modules/_cof.js]
[www.haloneuro.com/node_modules/core-js/modules/_wks.js]
[www.haloneuro.com/node_modules/core-js/modules/_a-function.js]
[www.haloneuro.com/node_modules/core-js/modules/_fails.js]
[www.haloneuro.com/node_modules/core-js/modules/_global.js]
[www.haloneuro.com/node_modules/core-js/modules/_core.js]
[www.haloneuro.com/node_modules/core-js/modules/_hide.js]
[www.haloneuro.com/node_modules/core-js/modules/_redefine.js]
[www.haloneuro.com/node_modules/core-js/modules/_ctx.js]
[www.haloneuro.com/node_modules/core-js/modules/_an-object.js]
[www.haloneuro.com/node_modules/core-js/modules/_iter-call.js]
[www.haloneuro.com/node_modules/core-js/modules/_is-array-iter.js]
[www.haloneuro.com/node_modules/core-js/modules/core.get-iterator-method.js]
[www.haloneuro.com/node_modules/core-js/modules/_shared.js]
[www.haloneuro.com/node_modules/core-js/modules/_object-dp.js]
[www.haloneuro.com/node_modules/core-js/modules/_property-desc.js]
[www.haloneuro.com/node_modules/core-js/modules/_descriptors.js]
[www.haloneuro.com/node_modules/core-js/modules/_dom-create.js]
[www.haloneuro.com/node_modules/core-js/modules/_set-proto.js]
[www.haloneuro.com/node_modules/core-js/modules/_iterators.js]
[www.haloneuro.com/node_modules/core-js/modules/_task.js]
[www.haloneuro.com/node_modules/core-js/modules/_ie8-dom-define.js]
[www.haloneuro.com/node_modules/core-js/modules/_to-primitive.js]
[www.haloneuro.com/node_modules/core-js/modules/_object-pie.js]
[www.haloneuro.com/node_modules/core-js/modules/_has.js]
[www.haloneuro.com/node_modules/core-js/modules/_object-keys-internal.js]
[www.haloneuro.com/node_modules/core-js/modules/_enum-bug-keys.js]
[www.haloneuro.com/node_modules/core-js/modules/_array-includes.js]
[www.haloneuro.com/node_modules/core-js/modules/_shared-key.js]
[www.haloneuro.com/node_modules/core-js/modules/_new-promise-capability.js]
[www.haloneuro.com/node_modules/core-js/modules/_uid.js]
[www.haloneuro.com/node_modules/core-js/modules/_function-to-string.js]
[www.haloneuro.com/node_modules/core-js/modules/_object-gopd.js]
[www.haloneuro.com/node_modules/core-js/modules/_library.js]
[www.haloneuro.com/node_modules/core-js/modules/_invoke.js]
[www.haloneuro.com/node_modules/core-js/modules/_html.js]
[www.haloneuro.com/node_modules/core-js/modules/_to-integer.js]
[www.haloneuro.com/node_modules/core-js/modules/_iobject.js]
[www.haloneuro.com/node_modules/core-js/modules/_defined.js]
[www.haloneuro.com/node_modules/core-js/modules/_classof.js]
[www.haloneuro.com/node_modules/core-js/modules/_export.js]
[www.haloneuro.com/node_modules/core-js/modules/_an-instance.js]
[www.haloneuro.com/node_modules/core-js/modules/_for-of.js]
[www.haloneuro.com/node_modules/core-js/modules/_species-constructor.js]
[www.haloneuro.com/node_modules/core-js/modules/_microtask.js]
[www.haloneuro.com/node_modules/core-js/modules/_perform.js]
[www.haloneuro.com/node_modules/core-js/modules/_user-agent.js]
[www.haloneuro.com/node_modules/core-js/modules/_promise-resolve.js]
[www.haloneuro.com/node_modules/core-js/modules/_redefine-all.js]
[www.haloneuro.com/node_modules/core-js/modules/_set-to-string-tag.js]
[www.haloneuro.com/node_modules/core-js/modules/_set-species.js]
[www.haloneuro.com/node_modules/core-js/modules/_iter-detect.js]
[www.haloneuro.com/node_modules/core-js/modules/_inherit-if-required.js]
[www.haloneuro.com/node_modules/core-js/modules/_object-gopn.js]
[www.haloneuro.com/node_modules/core-js/modules/_is-regexp.js]
[www.haloneuro.com/node_modules/core-js/modules/_flags.js]
[www.haloneuro.com/node_modules/core-js/modules/es6.promise.js]
[www.haloneuro.com/node_modules/core-js/modules/es6.object.to-string.js]
[www.haloneuro.com/media/js/analytics/klaviyo_analyticsec92.js]
[www.haloneuro.com/forms/src/Client/index.js]
[www.haloneuro.com/node_modules/core-js/modules/es6.regexp.constructor.js]
[static.klaviyo.com/onsite/js/klaviyo6612.js]
[cdn.shopify.com/s/files/1/0037/7965/7840/t/28/assets/ico-select.svg]
[cdn.getshogun.com/5e16282703126b006a6a76fc.css]
[cdn.shopify.com/s/files/1/0037/7965/7840/products/Product_Image_Hero_{width}xe944.html]
[cdn.shopify.com/s/files/1/0037/7965/7840/products/Product_Image_quarter_{width}xe944.html]
[cdn.shopify.com/s/files/1/0037/7965/7840/products/Product_Image_flat_{width}x2d64.html]
[cdn.shopify.com/s/files/1/0037/7965/7840/products/Product_Image_Side_b34072e1-bc03-4057-bcfd-d9909ce47c6c_{width}x315c.html]
[www.haloneuro.com/collections/frontpage/products/halo-sport-2.html]
[www.haloneuro.com/products/primer-band.html]
[www.haloneuro.com/products/primer-band.oembed]
[apps.bazaarvoice.com/deployments/haloneuro/main_site/production/en_US/bv.js]
[cdn.shopify.com/s/files/1/0037/7965/7840/products/P1020395_1_1800x1800b2b2.jpg]
[cdn.getshogun.com/5e595a7438f3d0005d7c91b4.css]
[cdn.shopify.com/s/files/1/0037/7965/7840/products/P1020395_1_740xb2b2.jpg]
[www.haloneuro.com/collections/frontpage/products/primer-band.html]
[cdn.shopify.com/s/files/1/0037/7965/7840/products/P1020395_1_{width}xb2b2.html]
[www.haloneuro.com/products/recharge-pack.oembed]
[cdn.shopify.com/s/files/1/0037/7965/7840/products/Product-Halo-recharge-kit_1800x1800b5cf.jpg]
[cdn.shopify.com/s/files/1/0037/7965/7840/products/Product-Halo-recharge-kit_740xb5cf.jpg]
[www.haloneuro.com/collections/frontpage/products/recharge-pack.html]
[cdn.shopify.com/s/files/1/0037/7965/7840/products/Product-Halo-recharge-kit_{width}xb5cf.html]
[www.haloneuro.com/products/bluetooth-audio-adapter.html]
[cdn.shopify.com/s/files/1/0037/7965/7840/products/Product-bluetooth-dongle_1200x63010df.jpg]
[www.haloneuro.com/products/bluetooth-audio-adapter.oembed]
[cdn.shopify.com/s/files/1/0037/7965/7840/products/Product-bluetooth-dongle_1800x180010df.jpg]
[cdn.shopify.com/s/files/1/0037/7965/7840/products/Product-bluetooth-dongle_740x10df.jpg]
[www.haloneuro.com/collections/frontpage/products/bluetooth-audio-adapter.html]
[cdn.shopify.com/s/files/1/0037/7965/7840/products/Product-bluetooth-dongle_{width}x10df.html]
[cdn.shopify.com/s/files/1/0037/7965/7840/products/Product-Halo-Primer-Pack_1200x630194a.jpg]
[cdn.shopify.com/s/files/1/0037/7965/7840/products/Product-Halo-Primer-Pack_1800x1800194a.jpg]
[cdn.shopify.com/s/files/1/0037/7965/7840/products/Product-Halo-Primer-Pack_740x194a.jpg]
[www.haloneuro.com/collections/frontpage/products/primer-pack.html]
[cdn.shopify.com/s/files/1/0037/7965/7840/products/Product-Halo-Primer-Pack_{width}x194a.html]
[cdn.shopify.com/s/files/1/0037/7965/7840/products/Prod-Halo-water-bottle_1200x630429b.jpg]
[cdn.getshogun.com/5d1a33fa290727004c726ee8.css]
[cdn.getshogun.com/5d1a33fa290727004c726ee8.js]
[cdn.shopify.com/s/files/1/0037/7965/7840/products/Prod-Halo-water-bottle_1800x1800429b.jpg]
[cdn.shopify.com/s/files/1/0037/7965/7840/products/Prod-Halo-water-bottle_740x429b.jpg]
[www.haloneuro.com/collections/frontpage/products/halo-water-bottle.html]
[cdn.shopify.com/s/files/1/0037/7965/7840/products/Prod-Halo-water-bottle_{width}x429b.html]
[cdn.getshogun.com/5e546ddd4e491a0057b0063f.css]
[cdn.getshogun.com/5e586947896d800050254593.css]
[cdn.getshogun.com/5e62df68c016dd005f9a56aa.css]
[cdn.getshogun.com/5e3b3309dad0cd004fd092d0.css]
[www.haloneuro.com/pages/results-ussa.html]
[cdn.getshogun.com/5e3b3309dad0cd004fd092d0.js]
[cdn.getshogun.com/5e3b39781f7287006638dbdd.css]
[www.haloneuro.com/pages/music.html]
[cdn.getshogun.com/5e7258e0bb51ca0052e84248.css]
[cdn.getshogun.com/5dc99ee51dfbdb005f1672ca.css]
[cdn.getshogun.com/5e3b36511f728700663891d9.css]
[cdn.getshogun.com/5e4ad11350119b00577986a2.css]
[cdn.getshogun.com/5e599731b1eb46004ff8ecd2.css]
[www.haloneuro.com/products/recharge-pack.html]
[cdn.shopify.com/s/files/1/0037/7965/7840/products/Product-closed-earpad_1200x6302670.jpg]
[cdn.getshogun.com/5e3b39781f7287006638dbdd.js]
[cdn.shopify.com/s/files/1/0037/7965/7840/products/clyde-product-icon_baed94ce-da6e-4854-b97c-6e52066ffd46_1200x630abeb.png]
[www.haloneuro.com/collections/all.atom]
[cdn.shopify.com/s/files/1/0037/7965/7840/products/Product-closed-earpad_{width}x2670.jpg]
[cdn.shopify.com/s/files/1/0037/7965/7840/products/Product-closed-earpad_400x2670.jpg]
[www.haloneuro.com/products/closed-ear-pads.html]
[cdn.shopify.com/s/files/1/0037/7965/7840/products/clyde-product-icon_baed94ce-da6e-4854-b97c-6e52066ffd46_{width}xabeb.png]
[www.haloneuro.com/products/clyde-protection-plan-fb0e2545-c943-449e-9689-ad4e19c06e2b-1.html]
[cdn.shopify.com/s/files/1/0037/7965/7840/products/clyde-product-icon_baed94ce-da6e-4854-b97c-6e52066ffd46_400xabeb.png]
[cdn.shopify.com/s/files/1/0037/7965/7840/products/extend_icon_8020f43c-b373-4937-86f2-de231c43ab0c_{width}xebc2.png]
[www.haloneuro.com/products/7a264dad-11fd-457c-8459-46b9661c3548-10001-misc-elec-base-replace-1y.html]
[cdn.shopify.com/s/files/1/0037/7965/7840/products/extend_icon_8020f43c-b373-4937-86f2-de231c43ab0c_400xebc2.png]
[cdn.shopify.com/s/files/1/0037/7965/7840/products/extend_icon_c9a62858-87d6-46f6-bada-20e26b092f52_{width}x59a1.png]
[www.haloneuro.com/products/7a264dad-11fd-457c-8459-46b9661c3548-10001-misc-elec-base-replace-2y.html]
[cdn.shopify.com/s/files/1/0037/7965/7840/products/extend_icon_c9a62858-87d6-46f6-bada-20e26b092f52_400x59a1.png]
[cdn.shopify.com/s/files/1/0037/7965/7840/products/extend_icon_35da63f8-401b-426f-ac50-97b981f27b7b_{width}x2631.png]
[www.haloneuro.com/products/7a264dad-11fd-457c-8459-46b9661c3548-10001-misc-elec-base-replace-3y.html]
[cdn.shopify.com/s/files/1/0037/7965/7840/products/extend_icon_35da63f8-401b-426f-ac50-97b981f27b7b_400x2631.png]
[cdn.shopify.com/s/files/1/0037/7965/7840/products/extend_icon_b3141e17-19e1-41a7-83f8-13d4c553097a_{width}x5b5d.png]
[www.haloneuro.com/products/7a264dad-11fd-457c-8459-46b9661c3548-10001-misc-elec-adh-replace-1y.html]
[cdn.shopify.com/s/files/1/0037/7965/7840/products/extend_icon_b3141e17-19e1-41a7-83f8-13d4c553097a_400x5b5d.png]
[www.haloneuro.com/products/7a264dad-11fd-457c-8459-46b9661c3548-10001-misc-elec-adh-replace-2y.html]
[cdn.shopify.com/s/files/1/0037/7965/7840/products/extend_icon_ac573bc7-9af0-44e8-9440-c24ae8dcf507_{width}x49fb.png]
[cdn.shopify.com/s/files/1/0037/7965/7840/products/extend_icon_ac573bc7-9af0-44e8-9440-c24ae8dcf507_400x49fb.png]
[www.haloneuro.com/products/7a264dad-11fd-457c-8459-46b9661c3548-10001-misc-elec-adh-replace-3y.html]
[cdn.shopify.com/s/files/1/0037/7965/7840/products/extend_icon_08f73093-9ae0-46f5-9e1e-0c556f8fb429_{width}x6df4.png]
[cdn.shopify.com/s/files/1/0037/7965/7840/products/extend_icon_08f73093-9ae0-46f5-9e1e-0c556f8fb429_400x6df4.png]
[cdn.shopify.com/s/files/1/0037/7965/7840/products/Product_sc1_{width}x0fc1.jpg]
[www.haloneuro.com/products/halo-gym-bag.html]
[cdn.shopify.com/s/files/1/0037/7965/7840/products/Product_sc1_400x0fc1.jpg]
[www.haloneuro.com/products/primer-recharge-bundle.html]
[cdn.shopify.com/s/files/1/0037/7965/7840/products/Product-Halo-Recharge-pack_{width}xa5c2.jpg]
[cdn.shopify.com/s/files/1/0037/7965/7840/products/Product-Halo-Recharge-pack_400xa5c2.jpg]
[www.haloneuro.com/collections/all.html]
[cdn.getshogun.com/5ec6b3ac68eea00056549ee9.css]
[cdn.getshogun.com/5e3b3173095a9200505a15df.css]
[cdn.getshogun.com/5e3b3203dad0cd0056d02a94.css]
[cdn.getshogun.com/5e2889b909766a0054cbe25f.css]
[www.haloneuro.com/pages/bulletproof.html]
[cdn.shopify.com/s/files/1/0037/7965/7840/articles/IMG_3802_{width}x.133bfcb.delayed]
[cdn.getshogun.com/5e2889b909766a0054cbe25f.js]
[cdn.shopify.com/s/files/1/0037/7965/7840/articles/IMG_3802_1000xbfcb.jpg]
[cdn.shopify.com/s/files/1/0037/7965/7840/files/Guitar_Berklee_Halo_3_flipped_medium4bcc.jpg]
[www.haloneuro.com/pages/learn-guitar.html]
[www.haloneuro.com/blogs/halo/berklee-college-of-music-collaboration.html]
[www.haloneuro.com/pages/newsletter.html]
[cdn.getshogun.com/5e3b34acdad0cd005fd058d6.css]
[www.haloneuro.com/pages/results-mjp.html]
[cdn.getshogun.com/5d55ce4b8fe3dc004daf3e82.css]
[cdn.getshogun.com/5e7950a9b6cc7300504dc14f.css]
[cdn.getshogun.com/5e06be699e022c0055d3a65e.css]
[cdn.getshogun.com/5e3b34acdad0cd005fd058d6.js]
[cdn.shopify.com/s/files/1/0037/7965/7840/articles/IMG_0974_500x313f.jpg]
[www.haloneuro.com/blogs/halo2679.html]
[cdn.shopify.com/s/files/1/0037/7965/7840/articles/BrainFrameCrop_1968cba8-ccb9-4cec-bfab-1ca2deb1731f_500x58d4.jpg]
[www.haloneuro.com/blogs/halo/three-best-places-to-neuroprime-in-san-francisco.html]
[www.haloneuro.com/blogs/halo/tagged/brain-awareness.html]
[www.haloneuro.com/blogs/halo/neuroscience-of-learning.html]
[cdn.shopify.com/s/files/1/0037/7965/7840/articles/Webp.net-compress-image_-_2019-03-06T155742.426_500x7df6.jpg]
[www.haloneuro.com/blogs/halo/electricity-replace-drugs.html]
[cdn.shopify.com/s/files/1/0037/7965/7840/articles/HS2_background_500xf953.jpg]
[www.haloneuro.com/blogs/halo/halo-neuroscience-halo-sport-2-ces.html]
[cdn.shopify.com/s/files/1/0037/7965/7840/articles/unnamed_1_0ada663b-e793-423e-9554-606e1434994f_500x5793.jpg]
[www.haloneuro.com/blogs/halo/tagged/the-athletes-guide-to-the-brain.html]
[www.haloneuro.com/blogs/halo4658.html]
[www.haloneuro.com/blogs/halo/athlete-guide-brain-explosiveness.html]
[www.haloneuro.com/blogs/halo/tagged/news.html]
[www.haloneuro.com/blogs/halo/tagged/news.atom]
[www.haloneuro.com/blogs/halo/tagged/learn-guitar-in-8-weeks.html]
[www.haloneuro.com/blogs/halo/what-i-accomplished-in-just-8-weeks-with-halo-sport.html]
[www.haloneuro.com/blogs/halo/tagged/learn-guitar-in-8-weeks.atom]
[cdn.shopify.com/s/files/1/0037/7965/7840/files/IMG_1173_2_large4085.jpg]
[www.haloneuro.com/blogs/halo/how-to-master-the-art-of-confidence.html]
[cdn.shopify.com/s/files/1/0037/7965/7840/files/Screen_Shot_2019-08-16_at_11.48.28_AM_mediuma477.png]
[www.haloneuro.com/collections/frontpage/products/open-ear-pads]
[cdn.shopify.com/s/files/1/0037/7965/7840/files/Screen_Shot_2019-08-16_at_11.48.55_AM_large9886.png]
[www.haloneuro.com/blogs/halo/3-hacks-for-beginner-musicians.html]
[www.haloneuro.com/blogs/halo/how-to-learn-guitar-according-to-neuroscience.html]
[cdn.shopify.com/s/files/1/0037/7965/7840/articles/SFO1082_500x2036.jpg]
[www.haloneuro.com/blogs/halo/athlete-guide-brain.html]
[cdn.shopify.com/s/files/1/0037/7965/7840/articles/hs2_copy_500xea3a.jpg]
[www.haloneuro.com/blogs/halo/athlete-guide-brain-hyperplasticity.html]
[cdn.shopify.com/s/files/1/0037/7965/7840/articles/unnamed_500x74b5.jpg]
[www.haloneuro.com/blogs/halo/athlete-guide-brain-endurance.html]
[cdn.shopify.com/s/files/1/0037/7965/7840/articles/SFO2326_V2_500x294c.jpg]
[www.haloneuro.com/blogs/halo/athlete-guide-brain-strength.html]
[cdn.shopify.com/s/files/1/0037/7965/7840/articles/TGP5166_500xe912.jpg]
[www.haloneuro.com/blogs/halo9ba9.html]
[cdn.getshogun.com/5e3da710c0a765005ce851ec.css]
[www.haloneuro.com/pages/warranty.html]
[www.haloneuro.com/node_modules/webpack/buildin/global.js]
[www.haloneuro.com/node_modules/core-js/modules/_is-object.js]
[www.haloneuro.com/node_modules/core-js/modules/_to-iobject.js]
[www.haloneuro.com/node_modules/core-js/modules/_to-length.js]
[www.haloneuro.com/node_modules/core-js/modules/_to-absolute-index.js]
[www.haloneuro.com/node_modules/core-js/modules/_cof.js]
[www.haloneuro.com/node_modules/core-js/modules/_wks.js]
[www.haloneuro.com/node_modules/core-js/modules/_a-function.js]
[www.haloneuro.com/node_modules/core-js/modules/_fails.js]
[www.haloneuro.com/node_modules/core-js/modules/_global.js]
[www.haloneuro.com/node_modules/core-js/modules/_core.js]
[www.haloneuro.com/node_modules/core-js/modules/_hide.js]
[www.haloneuro.com/node_modules/core-js/modules/_redefine.js]
[www.haloneuro.com/node_modules/core-js/modules/_ctx.js]
[www.haloneuro.com/node_modules/core-js/modules/_an-object.js]
[www.haloneuro.com/node_modules/core-js/modules/_iter-call.js]
[www.haloneuro.com/node_modules/core-js/modules/_is-array-iter.js]
[www.haloneuro.com/node_modules/core-js/modules/core.get-iterator-method.js]
[www.haloneuro.com/node_modules/core-js/modules/_shared.js]
[www.haloneuro.com/node_modules/core-js/modules/_object-dp.js]
[www.haloneuro.com/node_modules/core-js/modules/_property-desc.js]
[www.haloneuro.com/node_modules/core-js/modules/_descriptors.js]
[www.haloneuro.com/node_modules/core-js/modules/_dom-create.js]
[www.haloneuro.com/node_modules/core-js/modules/_set-proto.js]
[www.haloneuro.com/node_modules/core-js/modules/_iterators.js]
[www.haloneuro.com/node_modules/core-js/modules/_task.js]
[www.haloneuro.com/node_modules/core-js/modules/_ie8-dom-define.js]
[www.haloneuro.com/node_modules/core-js/modules/_to-primitive.js]
[www.haloneuro.com/node_modules/core-js/modules/_object-pie.js]
[www.haloneuro.com/node_modules/core-js/modules/_has.js]
[www.haloneuro.com/node_modules/core-js/modules/_object-keys-internal.js]
[www.haloneuro.com/node_modules/core-js/modules/_enum-bug-keys.js]
[www.haloneuro.com/node_modules/core-js/modules/_array-includes.js]
[www.haloneuro.com/node_modules/core-js/modules/_shared-key.js]
[www.haloneuro.com/node_modules/core-js/modules/_new-promise-capability.js]
[www.haloneuro.com/node_modules/core-js/modules/_uid.js]
[www.haloneuro.com/node_modules/core-js/modules/_function-to-string.js]
[www.haloneuro.com/node_modules/core-js/modules/_object-gopd.js]
[www.haloneuro.com/node_modules/core-js/modules/_library.js]
[www.haloneuro.com/node_modules/core-js/modules/_invoke.js]
[www.haloneuro.com/node_modules/core-js/modules/_html.js]
[www.haloneuro.com/node_modules/core-js/modules/_to-integer.js]
[www.haloneuro.com/node_modules/core-js/modules/_iobject.js]
[www.haloneuro.com/node_modules/core-js/modules/_defined.js]
[www.haloneuro.com/node_modules/core-js/modules/_classof.js]
[www.haloneuro.com/node_modules/core-js/modules/_export.js]
[www.haloneuro.com/node_modules/core-js/modules/_an-instance.js]
[www.haloneuro.com/node_modules/core-js/modules/_for-of.js]
[www.haloneuro.com/node_modules/core-js/modules/_species-constructor.js]
[www.haloneuro.com/node_modules/core-js/modules/_microtask.js]
[www.haloneuro.com/node_modules/core-js/modules/_perform.js]
[www.haloneuro.com/node_modules/core-js/modules/_user-agent.js]
[www.haloneuro.com/node_modules/core-js/modules/_promise-resolve.js]
[www.haloneuro.com/node_modules/core-js/modules/_redefine-all.js]
[www.haloneuro.com/node_modules/core-js/modules/_set-to-string-tag.js]
[www.haloneuro.com/node_modules/core-js/modules/_set-species.js]
[www.haloneuro.com/node_modules/core-js/modules/_iter-detect.js]
[www.haloneuro.com/node_modules/core-js/modules/_inherit-if-required.js]
[www.haloneuro.com/node_modules/core-js/modules/_object-gopn.js]
[www.haloneuro.com/node_modules/core-js/modules/_is-regexp.js]
[www.haloneuro.com/node_modules/core-js/modules/_flags.js]
[www.haloneuro.com/node_modules/core-js/modules/es6.promise.js]
[www.haloneuro.com/node_modules/core-js/modules/es6.object.to-string.js]
[www.haloneuro.com/media/js/analytics/klaviyo_analyticsec92.js]
[www.haloneuro.com/forms/src/Client/index.js]
[www.haloneuro.com/node_modules/core-js/modules/es6.regexp.constructor.js]
[www.haloneuro.com/halosport2guide]
[www.haloneuro.com/products/primer-band.html]
[cdn.getshogun.com/5e595a7438f3d0005d7c91b4.css]
[www.haloneuro.com/products/bluetooth-audio-adapter.html]
[www.haloneuro.com/blogs/halo/athlete-guide-brain-skill.html]
[www.haloneuro.com/products/halo-water-bottle.oembed]
[cdn.getshogun.com/5d1a33fa290727004c726ee8.css]
[cdn.getshogun.com/5e3b3309dad0cd004fd092d0.css]
[cdn.getshogun.com/5e3b39781f7287006638dbdd.css]
[www.haloneuro.com/products/primer-pack.oembed]
[www.haloneuro.com/products/primer-pack]
[www.haloneuro.com/products/halo-water-bottle]
[www.haloneuro.com/products/closed-ear-pads.oembed]
[cdn.shopify.com/s/files/1/0037/7965/7840/products/Product-closed-earpad_1800x18002670.jpg]
[cdn.shopify.com/s/files/1/0037/7965/7840/products/Product-closed-earpad_740x2670.jpg]
[www.haloneuro.com/products/closed-ear-pads.html]
[cdn.shopify.com/s/files/1/0037/7965/7840/products/Product-closed-earpad_{width}x2670.html]
[www.haloneuro.com/products/clyde-protection-plan-fb0e2545-c943-449e-9689-ad4e19c06e2b-1.html]
[cdn.shopify.com/s/files/1/0037/7965/7840/products/clyde-product-icon_baed94ce-da6e-4854-b97c-6e52066ffd46_{width}xabeb.html]
[cdn.shopify.com/s/files/1/0037/7965/7840/products/extend_icon_8020f43c-b373-4937-86f2-de231c43ab0c_1200x630ebc2.png]
[www.haloneuro.com/products/7a264dad-11fd-457c-8459-46b9661c3548-10001-misc-elec-base-replace-1y.oembed]
[cdn.shopify.com/s/files/1/0037/7965/7840/products/extend_icon_8020f43c-b373-4937-86f2-de231c43ab0c_1800x1800ebc2.png]
[cdn.shopify.com/s/files/1/0037/7965/7840/products/extend_icon_8020f43c-b373-4937-86f2-de231c43ab0c_740xebc2.png]
[www.haloneuro.com/products/7a264dad-11fd-457c-8459-46b9661c3548-10001-misc-elec-base-replace-1y.html]
[cdn.shopify.com/s/files/1/0037/7965/7840/products/extend_icon_8020f43c-b373-4937-86f2-de231c43ab0c_{width}xebc2.html]
[cdn.shopify.com/s/files/1/0037/7965/7840/products/extend_icon_c9a62858-87d6-46f6-bada-20e26b092f52_1200x63059a1.png]
[www.haloneuro.com/products/7a264dad-11fd-457c-8459-46b9661c3548-10001-misc-elec-base-replace-2y.oembed]
[cdn.shopify.com/s/files/1/0037/7965/7840/products/extend_icon_c9a62858-87d6-46f6-bada-20e26b092f52_1800x180059a1.png]
[cdn.shopify.com/s/files/1/0037/7965/7840/products/extend_icon_c9a62858-87d6-46f6-bada-20e26b092f52_740x59a1.png]
[www.haloneuro.com/products/7a264dad-11fd-457c-8459-46b9661c3548-10001-misc-elec-base-replace-2y.html]
[cdn.shopify.com/s/files/1/0037/7965/7840/products/extend_icon_c9a62858-87d6-46f6-bada-20e26b092f52_{width}x59a1.html]
[cdn.shopify.com/s/files/1/0037/7965/7840/products/extend_icon_35da63f8-401b-426f-ac50-97b981f27b7b_1200x6302631.png]
[www.haloneuro.com/products/7a264dad-11fd-457c-8459-46b9661c3548-10001-misc-elec-base-replace-3y.oembed]
[cdn.shopify.com/s/files/1/0037/7965/7840/products/extend_icon_35da63f8-401b-426f-ac50-97b981f27b7b_1800x18002631.png]
[cdn.shopify.com/s/files/1/0037/7965/7840/products/extend_icon_35da63f8-401b-426f-ac50-97b981f27b7b_740x2631.png]
[www.haloneuro.com/products/7a264dad-11fd-457c-8459-46b9661c3548-10001-misc-elec-base-replace-3y.html]
[cdn.shopify.com/s/files/1/0037/7965/7840/products/extend_icon_35da63f8-401b-426f-ac50-97b981f27b7b_{width}x2631.html]
[cdn.shopify.com/s/files/1/0037/7965/7840/products/extend_icon_b3141e17-19e1-41a7-83f8-13d4c553097a_1200x6305b5d.png]
[www.haloneuro.com/products/7a264dad-11fd-457c-8459-46b9661c3548-10001-misc-elec-adh-replace-1y.oembed]
[cdn.shopify.com/s/files/1/0037/7965/7840/products/extend_icon_b3141e17-19e1-41a7-83f8-13d4c553097a_1800x18005b5d.png]
[cdn.shopify.com/s/files/1/0037/7965/7840/products/extend_icon_b3141e17-19e1-41a7-83f8-13d4c553097a_740x5b5d.png]
[www.haloneuro.com/products/7a264dad-11fd-457c-8459-46b9661c3548-10001-misc-elec-adh-replace-1y.html]
[cdn.shopify.com/s/files/1/0037/7965/7840/products/extend_icon_b3141e17-19e1-41a7-83f8-13d4c553097a_{width}x5b5d.html]
[cdn.shopify.com/s/files/1/0037/7965/7840/products/extend_icon_ac573bc7-9af0-44e8-9440-c24ae8dcf507_1200x63049fb.png]
[www.haloneuro.com/products/7a264dad-11fd-457c-8459-46b9661c3548-10001-misc-elec-adh-replace-2y.oembed]
[cdn.shopify.com/s/files/1/0037/7965/7840/products/extend_icon_ac573bc7-9af0-44e8-9440-c24ae8dcf507_1800x180049fb.png]
[cdn.shopify.com/s/files/1/0037/7965/7840/products/extend_icon_ac573bc7-9af0-44e8-9440-c24ae8dcf507_740x49fb.png]
[www.haloneuro.com/products/7a264dad-11fd-457c-8459-46b9661c3548-10001-misc-elec-adh-replace-2y.html]
[cdn.shopify.com/s/files/1/0037/7965/7840/products/extend_icon_ac573bc7-9af0-44e8-9440-c24ae8dcf507_{width}x49fb.html]
[cdn.shopify.com/s/files/1/0037/7965/7840/products/extend_icon_08f73093-9ae0-46f5-9e1e-0c556f8fb429_1200x6306df4.png]
[cdn.shopify.com/s/files/1/0037/7965/7840/products/extend_icon_08f73093-9ae0-46f5-9e1e-0c556f8fb429_1800x18006df4.png]
[cdn.shopify.com/s/files/1/0037/7965/7840/products/extend_icon_08f73093-9ae0-46f5-9e1e-0c556f8fb429_740x6df4.png]
[www.haloneuro.com/products/7a264dad-11fd-457c-8459-46b9661c3548-10001-misc-elec-adh-replace-3y.html]
[cdn.shopify.com/s/files/1/0037/7965/7840/products/extend_icon_08f73093-9ae0-46f5-9e1e-0c556f8fb429_{width}x6df4.html]
[cdn.shopify.com/s/files/1/0037/7965/7840/products/Product_sc1_1200x6300fc1.jpg]
[cdn.shopify.com/s/files/1/0037/7965/7840/products/Product_Halo-Sport-2_1121x_2x.progressive_1_1200x6300fc1.jpg]
[cdn.shopify.com/s/files/1/0037/7965/7840/products/Black_friday_prod_gray_2f21d11c-5bd5-4e1e-aae6-16e48ab0427f_1200x6300fc1.jpg]
[www.haloneuro.com/products/halo-gym-bag.oembed]
[cdn.getshogun.com/5dc5f09522c622005424acab.css]
[www.haloneuro.com/products/halo-gym-bag.html]
[cdn.shopify.com/s/files/1/0037/7965/7840/products/Product_sc1_{width}x0fc1.html]
[cdn.getshogun.com/5dc5f09522c622005424acab.js]
[cdn.shopify.com/s/files/1/0037/7965/7840/products/Product-Halo-Recharge-pack_1200x630a5c2.jpg]
[www.haloneuro.com/products/primer-recharge-bundle.oembed]
[cdn.shopify.com/s/files/1/0037/7965/7840/products/Product-Halo-Recharge-pack_1800x1800a5c2.jpg]
[cdn.shopify.com/s/files/1/0037/7965/7840/products/Product-Halo-Recharge-pack_740xa5c2.jpg]
[www.haloneuro.com/products/primer-recharge-bundle.html]
[cdn.shopify.com/s/files/1/0037/7965/7840/products/Product-Halo-Recharge-pack_{width}xa5c2.html]
[cdn.getshogun.com/5e2889b909766a0054cbe25f.css]
[cdn.shopify.com/s/files/1/0037/7965/7840/articles/IMG_3802_{width}xbfcb.html]
[cdn.getshogun.com/5d6469c89d1f9e00545ddc2c.css]
[www.haloneuro.com/pages/learn-guitar.html]
[cdn.getshogun.com/5d6469c89d1f9e00545ddc2c.js]
[cdn.getshogun.com/5d77f9c0d00efa004c96fec2.css]
[www.haloneuro.com/pages/newsletter.html]
[cdn.getshogun.com/5e3b34acdad0cd005fd058d6.css]
[www.haloneuro.com/blogs/halo2679.html]
[cdn.getshogun.com/5d77f9c0d00efa004c96fec2.js]
[cdn.shopify.com/s/files/1/0037/7965/7840/articles/IMG_0974_1200x630313f.jpg]
[cdn.shopify.com/s/files/1/0037/7965/7840/articles/IMG_0974_{width}x.182313f.delayed]
[cdn.shopify.com/s/files/1/0037/7965/7840/articles/IMG_0974_1000x313f.jpg]
[cdn.shopify.com/s/files/1/0037/7965/7840/files/BART_1_large95dd.jpg]
[cdn.shopify.com/s/files/1/0037/7965/7840/files/SF_Blog_Photo_large5641.jpg]
[cdn.shopify.com/s/files/1/0037/7965/7840/files/IMG_0729_large9c84.jpg]
[cdn.shopify.com/s/files/1/0037/7965/7840/files/IMG_0730_largebd8a.jpg]
[cdn.shopify.com/s/files/1/0037/7965/7840/files/Dolores_2_large8dbc.jpg]
[cdn.shopify.com/s/files/1/0037/7965/7840/files/dolores_1_large0219.jpg]
[www.haloneuro.com/blogs/halo/three-best-places-to-neuroprime-in-san-francisco.html]
[cdn.shopify.com/s/files/1/0037/7965/7840/articles/BrainFrameCrop_1968cba8-ccb9-4cec-bfab-1ca2deb1731f_1200x63058d4.jpg]
[www.haloneuro.com/blogs/halo/tagged/brain-awareness.html]
[www.haloneuro.com/blogs/halo/tagged/brain-awareness.atom]
[cdn.shopify.com/s/files/1/0037/7965/7840/articles/BrainFrameCrop_1968cba8-ccb9-4cec-bfab-1ca2deb1731f_{width}x58d4.jpg]
[cdn.shopify.com/s/files/1/0037/7965/7840/articles/BrainFrameCrop_1968cba8-ccb9-4cec-bfab-1ca2deb1731f_1000x58d4.jpg]
[www.haloneuro.com/blogs/halo/neuroscience-of-learning.html]
[cdn.shopify.com/s/files/1/0037/7965/7840/articles/Webp.net-compress-image_-_2019-03-06T155742.426_1200x6307df6.jpg]
[cdn.shopify.com/s/files/1/0037/7965/7840/articles/Webp.net-compress-image_-_2019-03-06T155742.426_{width}x7df6.jpg]
[cdn.shopify.com/s/files/1/0037/7965/7840/articles/Webp.net-compress-image_-_2019-03-06T155742.426_1000x7df6.jpg]
[www.haloneuro.com/blogs/halo/electricity-replace-drugs.html]
[cdn.shopify.com/s/files/1/0037/7965/7840/articles/HS2_background_1200x630f953.jpg]
[cdn.shopify.com/s/files/1/0037/7965/7840/articles/HS2_background_{width}xf953.jpg]
[cdn.shopify.com/s/files/1/0037/7965/7840/articles/HS2_background_1000xf953.jpg]
[cdn.shopify.com/s/files/1/0037/7965/7840/files/SFO6523_2_grande1c8f.jpg]
[www.haloneuro.com/blogs/halo/halo-neuroscience-halo-sport-2-ces.html]
[cdn.shopify.com/s/files/1/0037/7965/7840/articles/unnamed_1_0ada663b-e793-423e-9554-606e1434994f_1200x6305793.jpg]
[www.haloneuro.com/blogs/halo/tagged/the-athletes-guide-to-the-brain.atom]
[www.haloneuro.com/blogs/halo/tagged/the-athletes-guide-to-the-brain.html]
[cdn.shopify.com/s/files/1/0037/7965/7840/articles/unnamed_1_0ada663b-e793-423e-9554-606e1434994f_{width}x.1985793.delayed]
[www.haloneuro.com/blogs/halo/tagged/the-athletes-guide-to-the-brain4658.html]
[cdn.shopify.com/s/files/1/0037/7965/7840/articles/unnamed_1_0ada663b-e793-423e-9554-606e1434994f_1000x5793.jpg]
[www.haloneuro.com/blogs/halo/athlete-guide-brain-explosiveness.html]
[www.haloneuro.com/collections/frontpage/products/open-ear-pads.html]
[cdn.shopify.com/s/files/1/0037/7965/7840/articles/SFO1082_1200x6302036.jpg]
[cdn.shopify.com/s/files/1/0037/7965/7840/articles/SFO1082_{width}x.19b2036.delayed]
[cdn.shopify.com/s/files/1/0037/7965/7840/articles/SFO1082_1000x2036.jpg]
[cdn-images-1.medium.com/max/1600/1_TztmwYhG-IaoNZxVC3VZ0Q.gif]
[cdn-images-1.medium.com/max/1600/1_47eFRMrCzsxQ0q4JdjOCjw.jpg]
[www.haloneuro.com/blogs/halo/athlete-guide-brain.html]
[cdn.shopify.com/s/files/1/0037/7965/7840/articles/hs2_copy_1200x630ea3a.jpg]
[cdn.shopify.com/s/files/1/0037/7965/7840/articles/hs2_copy_{width}xea3a.jpg]
[cdn.shopify.com/s/files/1/0037/7965/7840/articles/hs2_copy_1000xea3a.jpg]
[cdn-images-1.medium.com/max/1600/1_8P1Yiak2-KxCsjmp6B3Z8Q.jpg]
[www.haloneuro.com/blogs/halo/athlete-guide-brain-hyperplasticity.html]
[cdn.shopify.com/s/files/1/0037/7965/7840/articles/unnamed_1200x63074b5.jpg]
[cdn.shopify.com/s/files/1/0037/7965/7840/articles/unnamed_{width}x74b5.jpg]
[cdn.shopify.com/s/files/1/0037/7965/7840/articles/unnamed_1000x74b5.jpg]
[cdn-images-1.medium.com/max/1600/1_XS9GXU7XPFGDLIPX6oKK2A.jpg]
[cdn-images-1.medium.com/max/1600/1_XzMtUGhGCy6JJizhCdWpvw.jpg]
[www.haloneuro.com/blogs/halo/athlete-guide-brain-endurance.html]
[cdn.shopify.com/s/files/1/0037/7965/7840/articles/SFO2326_V2_1200x630294c.jpg]
[cdn.shopify.com/s/files/1/0037/7965/7840/articles/SFO2326_V2_{width}x.1ad294c.delayed]
[cdn.shopify.com/s/files/1/0037/7965/7840/articles/SFO2326_V2_1000x294c.jpg]
[cdn-images-1.medium.com/max/1600/1_7pdvaPbqD0EFHTL4QynOTA.jpg]
[cdn-images-1.medium.com/max/1600/1_XTfYTG29NwEMFo9L7b18JA.jpg]
[cdn-images-1.medium.com/max/1600/1_sZLuoAjkq505ivb68mXoGQ.gif]
[www.haloneuro.com/blogs/halo/athlete-guide-brain-strength.html]
[cdn.shopify.com/s/files/1/0037/7965/7840/articles/TGP5166_1200x630e912.jpg]
[cdn.shopify.com/s/files/1/0037/7965/7840/articles/TGP5166_{width}x.1b3e912.delayed]
[cdn.shopify.com/s/files/1/0037/7965/7840/articles/TGP5166_1000xe912.jpg]
[cdn-images-1.medium.com/max/1600/1_YJjkvRAiLpu_MTK3g9FUsg.png]
[cdn-images-1.medium.com/max/1600/1_cVC2wLlt4fqgrxjzU_QhfA.jpg]
[cdn-images-1.medium.com/max/1200/1_2jshv-wnXfSSF2s4ecqKyg.png]
[www.haloneuro.com/blogs/halo/athlete-guide-brain-skill.html]
[www.haloneuro.com/products/primer-pack]
[www.haloneuro.com/products/halo-water-bottle]
[cdn.getshogun.com/5dc5f09522c622005424acab.css]
[cdn.getshogun.com/5d6469c89d1f9e00545ddc2c.css]
[cdn.getshogun.com/5d77f9c0d00efa004c96fec2.css]
[cdn.shopify.com/s/files/1/0037/7965/7840/articles/IMG_0974_{width}x313f.html]
[cdn.shopify.com/s/files/1/0037/7965/7840/articles/BrainFrameCrop_1968cba8-ccb9-4cec-bfab-1ca2deb1731f_{width}x58d4.html]
[cdn.shopify.com/s/files/1/0037/7965/7840/articles/Webp.net-compress-image_-_2019-03-06T155742.426_{width}x7df6.html]
[cdn.shopify.com/s/files/1/0037/7965/7840/articles/HS2_background_{width}xf953.html]
[www.haloneuro.com/blogs/halo/tagged/the-athletes-guide-to-the-brain4658.html]
[cdn.shopify.com/s/files/1/0037/7965/7840/articles/unnamed_1_0ada663b-e793-423e-9554-606e1434994f_{width}x5793.html]
[cdn.shopify.com/s/files/1/0037/7965/7840/articles/SFO1082_{width}x2036.html]
[cdn.shopify.com/s/files/1/0037/7965/7840/articles/hs2_copy_{width}xea3a.html]
[cdn.shopify.com/s/files/1/0037/7965/7840/articles/unnamed_{width}x74b5.html]
[cdn.shopify.com/s/files/1/0037/7965/7840/articles/SFO2326_V2_{width}x294c.html]
[cdn.shopify.com/s/files/1/0037/7965/7840/articles/TGP5166_{width}xe912.html]
[www.haloneuro.com/blogs/halo/tagged/the-athletes-guide-to-the-brain2679.html]
[www.haloneuro.com/products/7a264dad-11fd-457c-8459-46b9661c3548-10001-misc-elec-adh-replace-3y.oembed]
[cdn.getshogun.com/none]
[www.haloneuro.com/blogs/halo/tagged/the-athletes-guide-to-the-brain2679.html]
